// Jest Snapshot v1, https://goo.gl/fbAQLP

exports[`Layout Atoms Column Renders Column 1`] = `
.c1 {
  display: -webkit-inline-box;
  display: -webkit-inline-flex;
  display: -ms-inline-flexbox;
  display: inline-flex;
  -webkit-flex-direction: column;
  -ms-flex-direction: column;
  flex-direction: column;
}

.c0 {
  -webkit-box-pack: start;
  -webkit-justify-content: flex-start;
  -ms-flex-pack: start;
  justify-content: flex-start;
  background-color: transparent;
}

<div>
  <div
    class="c0 c1"
  >
    <div>
      One
    </div>
    <div>
      Two
    </div>
    <div>
      Three
    </div>
  </div>
</div>
`;

exports[`Layout Atoms Column Renders Column with Background Color - BLUE 1`] = `
.c1 {
  display: -webkit-inline-box;
  display: -webkit-inline-flex;
  display: -ms-inline-flexbox;
  display: inline-flex;
  -webkit-flex-direction: column;
  -ms-flex-direction: column;
  flex-direction: column;
}

.c0 {
  -webkit-box-pack: start;
  -webkit-justify-content: flex-start;
  -ms-flex-pack: start;
  justify-content: flex-start;
  background-color: #3867d6;
}

<div>
  <div
    class="c0 c1"
  >
    <div>
      One
    </div>
    <div>
      Two
    </div>
    <div>
      Three
    </div>
  </div>
</div>
`;

exports[`Layout Atoms Column Renders Column with Background Color - GREY 1`] = `
.c1 {
  display: -webkit-inline-box;
  display: -webkit-inline-flex;
  display: -ms-inline-flexbox;
  display: inline-flex;
  -webkit-flex-direction: column;
  -ms-flex-direction: column;
  flex-direction: column;
}

.c0 {
  -webkit-box-pack: start;
  -webkit-justify-content: flex-start;
  -ms-flex-pack: start;
  justify-content: flex-start;
  background-color: #D3D9E1;
}

<div>
  <div
    class="c0 c1"
  >
    <div>
      One
    </div>
    <div>
      Two
    </div>
    <div>
      Three
    </div>
  </div>
</div>
`;

exports[`Layout Atoms Column Renders Column with Background Color - WHITE 1`] = `
.c1 {
  display: -webkit-inline-box;
  display: -webkit-inline-flex;
  display: -ms-inline-flexbox;
  display: inline-flex;
  -webkit-flex-direction: column;
  -ms-flex-direction: column;
  flex-direction: column;
}

.c0 {
  -webkit-box-pack: start;
  -webkit-justify-content: flex-start;
  -ms-flex-pack: start;
  justify-content: flex-start;
  background-color: #f5f6fa;
}

<div>
  <div
    class="c0 c1"
  >
    <div>
      One
    </div>
    <div>
      Two
    </div>
    <div>
      Three
    </div>
  </div>
</div>
`;

exports[`Layout Atoms Column Renders Column with Child Spacing 1`] = `
.c1 {
  display: -webkit-inline-box;
  display: -webkit-inline-flex;
  display: -ms-inline-flexbox;
  display: inline-flex;
  -webkit-flex-direction: column;
  -ms-flex-direction: column;
  flex-direction: column;
}

.c0 {
  -webkit-box-pack: start;
  -webkit-justify-content: flex-start;
  -ms-flex-pack: start;
  justify-content: flex-start;
  background-color: transparent;
}

<div>
  <div
    class="c0 c1"
  >
    <div>
      One
    </div>
    <div>
      Two
    </div>
    <div>
      Three
    </div>
  </div>
</div>
`;

exports[`Layout Atoms Column Renders Column with Content Justification - CENTER 1`] = `
.c1 {
  display: -webkit-inline-box;
  display: -webkit-inline-flex;
  display: -ms-inline-flexbox;
  display: inline-flex;
  -webkit-flex-direction: column;
  -ms-flex-direction: column;
  flex-direction: column;
}

.c0 {
  -webkit-box-pack: center;
  -webkit-justify-content: center;
  -ms-flex-pack: center;
  justify-content: center;
  background-color: transparent;
}

<div>
  <div
    class="c0 c1"
  >
    <div>
      One
    </div>
    <div>
      Two
    </div>
    <div>
      Three
    </div>
  </div>
</div>
`;

exports[`Layout Atoms Column Renders Column with Content Justification - END 1`] = `
.c1 {
  display: -webkit-inline-box;
  display: -webkit-inline-flex;
  display: -ms-inline-flexbox;
  display: inline-flex;
  -webkit-flex-direction: column;
  -ms-flex-direction: column;
  flex-direction: column;
}

.c0 {
  -webkit-box-pack: end;
  -webkit-justify-content: flex-end;
  -ms-flex-pack: end;
  justify-content: flex-end;
  background-color: transparent;
}

<div>
  <div
    class="c0 c1"
  >
    <div>
      One
    </div>
    <div>
      Two
    </div>
    <div>
      Three
    </div>
  </div>
</div>
`;

exports[`Layout Atoms Column Renders Column with Content Justification - START 1`] = `
.c1 {
  display: -webkit-inline-box;
  display: -webkit-inline-flex;
  display: -ms-inline-flexbox;
  display: inline-flex;
  -webkit-flex-direction: column;
  -ms-flex-direction: column;
  flex-direction: column;
}

.c0 {
  -webkit-box-pack: start;
  -webkit-justify-content: flex-start;
  -ms-flex-pack: start;
  justify-content: flex-start;
  background-color: transparent;
}

<div>
  <div
    class="c0 c1"
  >
    <div>
      One
    </div>
    <div>
      Two
    </div>
    <div>
      Three
    </div>
  </div>
</div>
`;

exports[`Layout Atoms Inject Element Injects Correct Number of Elements 1`] = `
<div>
  <div>
    hello
  </div>
  <hr
    data-testid="hr"
  />
  <div>
    hello
  </div>
  <hr
    data-testid="hr"
  />
  <div>
    hello
  </div>
</div>
`;

exports[`Layout Atoms Row Renders Row 1`] = `
.c1 {
  display: -webkit-box;
  display: -webkit-flex;
  display: -ms-flexbox;
  display: flex;
  -webkit-flex-direction: row;
  -ms-flex-direction: row;
  flex-direction: row;
  -webkit-align-items: center;
  -webkit-box-align: center;
  -ms-flex-align: center;
  align-items: center;
}

.c0 {
  -webkit-box-pack: start;
  -webkit-justify-content: flex-start;
  -ms-flex-pack: start;
  justify-content: flex-start;
  background-color: transparent;
}

<div>
  <div
    class="c0 c1"
  >
    <div>
      One
    </div>
    <div>
      Two
    </div>
    <div>
      Three
    </div>
  </div>
</div>
`;

exports[`Layout Atoms Row Renders Row with Background Color - BLUE 1`] = `
.c1 {
  display: -webkit-box;
  display: -webkit-flex;
  display: -ms-flexbox;
  display: flex;
  -webkit-flex-direction: row;
  -ms-flex-direction: row;
  flex-direction: row;
  -webkit-align-items: center;
  -webkit-box-align: center;
  -ms-flex-align: center;
  align-items: center;
}

.c0 {
  -webkit-box-pack: start;
  -webkit-justify-content: flex-start;
  -ms-flex-pack: start;
  justify-content: flex-start;
  background-color: #3867d6;
}

<div>
  <div
    class="c0 c1"
  >
    <div>
      One
    </div>
    <div>
      Two
    </div>
    <div>
      Three
    </div>
  </div>
</div>
`;

exports[`Layout Atoms Row Renders Row with Background Color - GREY 1`] = `
.c1 {
  display: -webkit-box;
  display: -webkit-flex;
  display: -ms-flexbox;
  display: flex;
  -webkit-flex-direction: row;
  -ms-flex-direction: row;
  flex-direction: row;
  -webkit-align-items: center;
  -webkit-box-align: center;
  -ms-flex-align: center;
  align-items: center;
}

.c0 {
  -webkit-box-pack: start;
  -webkit-justify-content: flex-start;
  -ms-flex-pack: start;
  justify-content: flex-start;
  background-color: #D3D9E1;
}

<div>
  <div
    class="c0 c1"
  >
    <div>
      One
    </div>
    <div>
      Two
    </div>
    <div>
      Three
    </div>
  </div>
</div>
`;

exports[`Layout Atoms Row Renders Row with Background Color - WHITE 1`] = `
.c1 {
  display: -webkit-box;
  display: -webkit-flex;
  display: -ms-flexbox;
  display: flex;
  -webkit-flex-direction: row;
  -ms-flex-direction: row;
  flex-direction: row;
  -webkit-align-items: center;
  -webkit-box-align: center;
  -ms-flex-align: center;
  align-items: center;
}

.c0 {
  -webkit-box-pack: start;
  -webkit-justify-content: flex-start;
  -ms-flex-pack: start;
  justify-content: flex-start;
  background-color: #f5f6fa;
}

<div>
  <div
    class="c0 c1"
  >
    <div>
      One
    </div>
    <div>
      Two
    </div>
    <div>
      Three
    </div>
  </div>
</div>
`;

exports[`Layout Atoms Row Renders Row with Child Spacing 1`] = `
.c1 {
  display: -webkit-box;
  display: -webkit-flex;
  display: -ms-flexbox;
  display: flex;
  -webkit-flex-direction: row;
  -ms-flex-direction: row;
  flex-direction: row;
  -webkit-align-items: center;
  -webkit-box-align: center;
  -ms-flex-align: center;
  align-items: center;
}

.c0 {
  -webkit-box-pack: start;
  -webkit-justify-content: flex-start;
  -ms-flex-pack: start;
  justify-content: flex-start;
  background-color: transparent;
}

<div>
  <div
    class="c0 c1"
  >
    <div>
      One
    </div>
    <div>
      Two
    </div>
    <div>
      Three
    </div>
  </div>
</div>
`;

exports[`Layout Atoms Row Renders Row with Content Justification - CENTER 1`] = `
.c1 {
  display: -webkit-box;
  display: -webkit-flex;
  display: -ms-flexbox;
  display: flex;
  -webkit-flex-direction: row;
  -ms-flex-direction: row;
  flex-direction: row;
  -webkit-align-items: center;
  -webkit-box-align: center;
  -ms-flex-align: center;
  align-items: center;
}

.c0 {
  -webkit-box-pack: center;
  -webkit-justify-content: center;
  -ms-flex-pack: center;
  justify-content: center;
  background-color: transparent;
}

<div>
  <div
    class="c0 c1"
  >
    <div>
      One
    </div>
    <div>
      Two
    </div>
    <div>
      Three
    </div>
  </div>
</div>
`;

exports[`Layout Atoms Row Renders Row with Content Justification - END 1`] = `
.c1 {
  display: -webkit-box;
  display: -webkit-flex;
  display: -ms-flexbox;
  display: flex;
  -webkit-flex-direction: row;
  -ms-flex-direction: row;
  flex-direction: row;
  -webkit-align-items: center;
  -webkit-box-align: center;
  -ms-flex-align: center;
  align-items: center;
}

.c0 {
  -webkit-box-pack: end;
  -webkit-justify-content: flex-end;
  -ms-flex-pack: end;
  justify-content: flex-end;
  background-color: transparent;
}

<div>
  <div
    class="c0 c1"
  >
    <div>
      One
    </div>
    <div>
      Two
    </div>
    <div>
      Three
    </div>
  </div>
</div>
`;

exports[`Layout Atoms Row Renders Row with Content Justification - START 1`] = `
.c1 {
  display: -webkit-box;
  display: -webkit-flex;
  display: -ms-flexbox;
  display: flex;
  -webkit-flex-direction: row;
  -ms-flex-direction: row;
  flex-direction: row;
  -webkit-align-items: center;
  -webkit-box-align: center;
  -ms-flex-align: center;
  align-items: center;
}

.c0 {
  -webkit-box-pack: start;
  -webkit-justify-content: flex-start;
  -ms-flex-pack: start;
  justify-content: flex-start;
  background-color: transparent;
}

<div>
  <div
    class="c0 c1"
  >
    <div>
      One
    </div>
    <div>
      Two
    </div>
    <div>
      Three
    </div>
  </div>
</div>
`;

exports[`Layout Atoms Spacer Renders Height 1`] = `
.c0 {
  height: 16px;
}

<div>
  <div
    class="c0"
    height="16"
  />
</div>
`;

exports[`Layout Atoms Spacer Renders Width + Height 1`] = `
.c0 {
  width: 16px;
  height: 16px;
}

<div>
  <div
    class="c0"
    height="16"
    width="16"
  />
</div>
`;

exports[`Layout Atoms Spacer Renders Width 1`] = `
.c0 {
  width: 16px;
}

<div>
  <div
    class="c0"
    width="16"
  />
</div>
`;
